// Jest Snapshot v1, https://goo.gl/fbAQLP

exports[`App is rendered ok 1`] = `
<div
  className="app"
>
  <div
    className="search"
  >
    <div
      className="MuiFormControl-root MuiTextField-root MuiFormControl-marginNormal"
    >
      <label
        className="MuiFormLabel-root MuiInputLabel-root MuiInputLabel-formControl MuiInputLabel-animated MuiInputLabel-outlined"
        data-shrink={false}
        htmlFor="outlined-search"
        id="outlined-search-label"
      >
        Search field
      </label>
      <div
        className="MuiInputBase-root MuiOutlinedInput-root MuiInputBase-formControl"
        onClick={[Function]}
      >
        <input
          aria-invalid={false}
          autoFocus={false}
          className="MuiInputBase-input MuiOutlinedInput-input MuiInputBase-inputTypeSearch"
          disabled={false}
          id="outlined-search"
          onAnimationStart={[Function]}
          onBlur={[Function]}
          onChange={[Function]}
          onFocus={[Function]}
          required={false}
          type="search"
        />
        <fieldset
          aria-hidden={true}
          className="PrivateNotchedOutline-root-63 MuiOutlinedInput-notchedOutline"
          style={
            Object {
              "paddingLeft": 8,
            }
          }
        >
          <legend
            className="PrivateNotchedOutline-legend-64"
            style={
              Object {
                "width": 0.01,
              }
            }
          >
            <span
              dangerouslySetInnerHTML={
                Object {
                  "__html": "&#8203;",
                }
              }
            />
          </legend>
        </fieldset>
      </div>
    </div>
    <div
      style={
        Object {
          "margin": "auto 0",
        }
      }
    >
      <button
        className="MuiButtonBase-root MuiButton-root MuiButton-contained MuiButton-containedPrimary"
        disabled={false}
        onBlur={[Function]}
        onClick={[Function]}
        onDragLeave={[Function]}
        onFocus={[Function]}
        onKeyDown={[Function]}
        onKeyUp={[Function]}
        onMouseDown={[Function]}
        onMouseLeave={[Function]}
        onMouseUp={[Function]}
        onTouchEnd={[Function]}
        onTouchMove={[Function]}
        onTouchStart={[Function]}
        tabIndex={0}
        type="button"
      >
        <span
          className="MuiButton-label"
        >
          Search
        </span>
        <span
          className="MuiTouchRipple-root"
        />
      </button>
    </div>
  </div>
  <div
    className="MuiPaper-root MuiPaper-elevation1 BookList-root-96 MuiPaper-rounded"
  >
    <div
      className="BookList-tableWrapper-99"
    >
      <table
        aria-labelledby="tableTitle"
        className="MuiTable-root BookList-table-97"
      >
        <thead
          className="MuiTableHead-root"
        >
          <tr
            className="MuiTableRow-root MuiTableRow-head"
          >
            <th
              aria-sort={null}
              className="MuiTableCell-root MuiTableCell-head BookListHeader-tableCell-136"
              colSpan={2}
              scope="col"
            >
              <button
                aria-label="add"
                className="MuiButtonBase-root MuiFab-root MuiFab-extended MuiFab-primary"
                disabled={false}
                onBlur={[Function]}
                onClick={[Function]}
                onDragLeave={[Function]}
                onFocus={[Function]}
                onKeyDown={[Function]}
                onKeyUp={[Function]}
                onMouseDown={[Function]}
                onMouseLeave={[Function]}
                onMouseUp={[Function]}
                onTouchEnd={[Function]}
                onTouchMove={[Function]}
                onTouchStart={[Function]}
                tabIndex={0}
                type="button"
              >
                <span
                  className="MuiFab-label"
                >
                  <svg
                    aria-hidden="true"
                    className="MuiSvgIcon-root"
                    focusable="false"
                    role="presentation"
                    viewBox="0 0 24 24"
                  >
                    <path
                      d="M19 13h-6v6h-2v-6H5v-2h6V5h2v6h6v2z"
                    />
                  </svg>
                  Add book
                </span>
                <span
                  className="MuiTouchRipple-root"
                />
              </button>
            </th>
            <th
              aria-sort={null}
              className="MuiTableCell-root MuiTableCell-head BookListHeader-tableCell-136"
              colSpan={1}
              scope="col"
            >
              <span
                aria-describedby={null}
                aria-disabled={false}
                className="MuiButtonBase-root MuiTableSortLabel-root"
                onBlur={[Function]}
                onClick={[Function]}
                onDragLeave={[Function]}
                onFocus={[Function]}
                onKeyDown={[Function]}
                onKeyUp={[Function]}
                onMouseDown={[Function]}
                onMouseLeave={[Function]}
                onMouseOver={[Function]}
                onMouseUp={[Function]}
                onTouchEnd={[Function]}
                onTouchMove={[Function]}
                onTouchStart={[Function]}
                role="button"
                tabIndex={0}
                title="Sort"
              >
                ISBN
                <svg
                  aria-hidden="true"
                  className="MuiSvgIcon-root MuiTableSortLabel-icon MuiTableSortLabel-iconDirectionAsc"
                  focusable="false"
                  role="presentation"
                  viewBox="0 0 24 24"
                >
                  <path
                    d="M20 12l-1.41-1.41L13 16.17V4h-2v12.17l-5.58-5.59L4 12l8 8 8-8z"
                  />
                </svg>
              </span>
            </th>
            <th
              aria-sort={null}
              className="MuiTableCell-root MuiTableCell-head BookListHeader-tableCell-136"
              colSpan={1}
              scope="col"
            >
              <span
                aria-describedby={null}
                aria-disabled={false}
                className="MuiButtonBase-root MuiTableSortLabel-root"
                onBlur={[Function]}
                onClick={[Function]}
                onDragLeave={[Function]}
                onFocus={[Function]}
                onKeyDown={[Function]}
                onKeyUp={[Function]}
                onMouseDown={[Function]}
                onMouseLeave={[Function]}
                onMouseOver={[Function]}
                onMouseUp={[Function]}
                onTouchEnd={[Function]}
                onTouchMove={[Function]}
                onTouchStart={[Function]}
                role="button"
                tabIndex={0}
                title="Sort"
              >
                ISBN13
                <svg
                  aria-hidden="true"
                  className="MuiSvgIcon-root MuiTableSortLabel-icon MuiTableSortLabel-iconDirectionAsc"
                  focusable="false"
                  role="presentation"
                  viewBox="0 0 24 24"
                >
                  <path
                    d="M20 12l-1.41-1.41L13 16.17V4h-2v12.17l-5.58-5.59L4 12l8 8 8-8z"
                  />
                </svg>
              </span>
            </th>
            <th
              aria-sort={null}
              className="MuiTableCell-root MuiTableCell-head BookListHeader-tableCell-136"
              colSpan={1}
              scope="col"
            >
              <span
                aria-describedby={null}
                aria-disabled={false}
                className="MuiButtonBase-root MuiTableSortLabel-root"
                onBlur={[Function]}
                onClick={[Function]}
                onDragLeave={[Function]}
                onFocus={[Function]}
                onKeyDown={[Function]}
                onKeyUp={[Function]}
                onMouseDown={[Function]}
                onMouseLeave={[Function]}
                onMouseOver={[Function]}
                onMouseUp={[Function]}
                onTouchEnd={[Function]}
                onTouchMove={[Function]}
                onTouchStart={[Function]}
                role="button"
                tabIndex={0}
                title="Sort"
              >
                Author
                <svg
                  aria-hidden="true"
                  className="MuiSvgIcon-root MuiTableSortLabel-icon MuiTableSortLabel-iconDirectionAsc"
                  focusable="false"
                  role="presentation"
                  viewBox="0 0 24 24"
                >
                  <path
                    d="M20 12l-1.41-1.41L13 16.17V4h-2v12.17l-5.58-5.59L4 12l8 8 8-8z"
                  />
                </svg>
              </span>
            </th>
            <th
              aria-sort="ascending"
              className="MuiTableCell-root MuiTableCell-head BookListHeader-tableCell-136"
              colSpan={1}
              scope="col"
            >
              <span
                aria-describedby={null}
                aria-disabled={false}
                className="MuiButtonBase-root MuiTableSortLabel-root MuiTableSortLabel-active"
                onBlur={[Function]}
                onClick={[Function]}
                onDragLeave={[Function]}
                onFocus={[Function]}
                onKeyDown={[Function]}
                onKeyUp={[Function]}
                onMouseDown={[Function]}
                onMouseLeave={[Function]}
                onMouseOver={[Function]}
                onMouseUp={[Function]}
                onTouchEnd={[Function]}
                onTouchMove={[Function]}
                onTouchStart={[Function]}
                role="button"
                tabIndex={0}
                title="Sort"
              >
                Title
                <svg
                  aria-hidden="true"
                  className="MuiSvgIcon-root MuiTableSortLabel-icon MuiTableSortLabel-iconDirectionAsc"
                  focusable="false"
                  role="presentation"
                  viewBox="0 0 24 24"
                >
                  <path
                    d="M20 12l-1.41-1.41L13 16.17V4h-2v12.17l-5.58-5.59L4 12l8 8 8-8z"
                  />
                </svg>
              </span>
            </th>
            <th
              aria-sort={null}
              className="MuiTableCell-root MuiTableCell-head BookListHeader-tableCell-136"
              colSpan={1}
              scope="col"
            >
              <span
                aria-describedby={null}
                aria-disabled={false}
                className="MuiButtonBase-root MuiTableSortLabel-root"
                onBlur={[Function]}
                onClick={[Function]}
                onDragLeave={[Function]}
                onFocus={[Function]}
                onKeyDown={[Function]}
                onKeyUp={[Function]}
                onMouseDown={[Function]}
                onMouseLeave={[Function]}
                onMouseOver={[Function]}
                onMouseUp={[Function]}
                onTouchEnd={[Function]}
                onTouchMove={[Function]}
                onTouchStart={[Function]}
                role="button"
                tabIndex={0}
                title="Sort"
              >
                Year
                <svg
                  aria-hidden="true"
                  className="MuiSvgIcon-root MuiTableSortLabel-icon MuiTableSortLabel-iconDirectionAsc"
                  focusable="false"
                  role="presentation"
                  viewBox="0 0 24 24"
                >
                  <path
                    d="M20 12l-1.41-1.41L13 16.17V4h-2v12.17l-5.58-5.59L4 12l8 8 8-8z"
                  />
                </svg>
              </span>
            </th>
            <th
              aria-sort={null}
              className="MuiTableCell-root MuiTableCell-head BookListHeader-tableCell-136"
              colSpan={1}
              scope="col"
            >
              <span
                aria-describedby={null}
                aria-disabled={false}
                className="MuiButtonBase-root MuiTableSortLabel-root"
                onBlur={[Function]}
                onClick={[Function]}
                onDragLeave={[Function]}
                onFocus={[Function]}
                onKeyDown={[Function]}
                onKeyUp={[Function]}
                onMouseDown={[Function]}
                onMouseLeave={[Function]}
                onMouseOver={[Function]}
                onMouseUp={[Function]}
                onTouchEnd={[Function]}
                onTouchMove={[Function]}
                onTouchStart={[Function]}
                role="button"
                tabIndex={0}
                title="Sort"
              >
                Star Rating
                <svg
                  aria-hidden="true"
                  className="MuiSvgIcon-root MuiTableSortLabel-icon MuiTableSortLabel-iconDirectionAsc"
                  focusable="false"
                  role="presentation"
                  viewBox="0 0 24 24"
                >
                  <path
                    d="M20 12l-1.41-1.41L13 16.17V4h-2v12.17l-5.58-5.59L4 12l8 8 8-8z"
                  />
                </svg>
              </span>
            </th>
            <th
              aria-sort={null}
              className="MuiTableCell-root MuiTableCell-head BookListHeader-tableCell-136"
              colSpan={1}
              scope="col"
            >
              <span
                aria-describedby={null}
                aria-disabled={false}
                className="MuiButtonBase-root MuiTableSortLabel-root"
                onBlur={[Function]}
                onClick={[Function]}
                onDragLeave={[Function]}
                onFocus={[Function]}
                onKeyDown={[Function]}
                onKeyUp={[Function]}
                onMouseDown={[Function]}
                onMouseLeave={[Function]}
                onMouseOver={[Function]}
                onMouseUp={[Function]}
                onTouchEnd={[Function]}
                onTouchMove={[Function]}
                onTouchStart={[Function]}
                role="button"
                tabIndex={0}
                title="Sort"
              >
                Language
                <svg
                  aria-hidden="true"
                  className="MuiSvgIcon-root MuiTableSortLabel-icon MuiTableSortLabel-iconDirectionAsc"
                  focusable="false"
                  role="presentation"
                  viewBox="0 0 24 24"
                >
                  <path
                    d="M20 12l-1.41-1.41L13 16.17V4h-2v12.17l-5.58-5.59L4 12l8 8 8-8z"
                  />
                </svg>
              </span>
            </th>
            <th
              aria-sort={null}
              className="MuiTableCell-root MuiTableCell-head BookListHeader-tableCell-136"
              colSpan={1}
              scope="col"
            >
              <span
                aria-describedby={null}
                aria-disabled={false}
                className="MuiButtonBase-root MuiTableSortLabel-root"
                onBlur={[Function]}
                onClick={[Function]}
                onDragLeave={[Function]}
                onFocus={[Function]}
                onKeyDown={[Function]}
                onKeyUp={[Function]}
                onMouseDown={[Function]}
                onMouseLeave={[Function]}
                onMouseOver={[Function]}
                onMouseUp={[Function]}
                onTouchEnd={[Function]}
                onTouchMove={[Function]}
                onTouchStart={[Function]}
                role="button"
                tabIndex={0}
                title="Sort"
              >
                Thumbnail
                <svg
                  aria-hidden="true"
                  className="MuiSvgIcon-root MuiTableSortLabel-icon MuiTableSortLabel-iconDirectionAsc"
                  focusable="false"
                  role="presentation"
                  viewBox="0 0 24 24"
                >
                  <path
                    d="M20 12l-1.41-1.41L13 16.17V4h-2v12.17l-5.58-5.59L4 12l8 8 8-8z"
                  />
                </svg>
              </span>
            </th>
          </tr>
        </thead>
        <tbody
          className="MuiTableBody-root"
        >
          <tr
            className="MuiTableRow-root"
          >
            <td
              aria-sort={null}
              className="MuiTableCell-root MuiTableCell-body"
            >
              <a
                href="/edit"
                onClick={[Function]}
              >
                <button
                  aria-label="edit"
                  className="MuiButtonBase-root MuiFab-root MuiFab-secondary"
                  disabled={false}
                  onBlur={[Function]}
                  onDragLeave={[Function]}
                  onFocus={[Function]}
                  onKeyDown={[Function]}
                  onKeyUp={[Function]}
                  onMouseDown={[Function]}
                  onMouseLeave={[Function]}
                  onMouseUp={[Function]}
                  onTouchEnd={[Function]}
                  onTouchMove={[Function]}
                  onTouchStart={[Function]}
                  tabIndex={0}
                  type="button"
                >
                  <span
                    className="MuiFab-label"
                  >
                    <svg
                      aria-hidden="true"
                      className="MuiSvgIcon-root"
                      focusable="false"
                      role="presentation"
                      viewBox="0 0 24 24"
                    >
                      <path
                        d="M3 17.25V21h3.75L17.81 9.94l-3.75-3.75L3 17.25zM20.71 7.04c.39-.39.39-1.02 0-1.41l-2.34-2.34a.9959.9959 0 00-1.41 0l-1.83 1.83 3.75 3.75 1.83-1.83z"
                      />
                    </svg>
                  </span>
                  <span
                    className="MuiTouchRipple-root"
                  />
                </button>
              </a>
            </td>
            <td
              aria-sort={null}
              className="MuiTableCell-root MuiTableCell-body"
            >
              <button
                aria-label="delete"
                className="MuiButtonBase-root MuiFab-root"
                disabled={false}
                onBlur={[Function]}
                onClick={[Function]}
                onDragLeave={[Function]}
                onFocus={[Function]}
                onKeyDown={[Function]}
                onKeyUp={[Function]}
                onMouseDown={[Function]}
                onMouseLeave={[Function]}
                onMouseUp={[Function]}
                onTouchEnd={[Function]}
                onTouchMove={[Function]}
                onTouchStart={[Function]}
                tabIndex={0}
                type="button"
              >
                <span
                  className="MuiFab-label"
                >
                  <svg
                    aria-hidden="true"
                    className="MuiSvgIcon-root"
                    focusable="false"
                    role="presentation"
                    viewBox="0 0 24 24"
                  >
                    <path
                      d="M6 19c0 1.1.9 2 2 2h8c1.1 0 2-.9 2-2V7H6v12zM19 4h-3.5l-1-1h-5l-1 1H5v2h14V4z"
                    />
                  </svg>
                </span>
                <span
                  className="MuiTouchRipple-root"
                />
              </button>
            </td>
            <td
              aria-sort={null}
              className="MuiTableCell-root MuiTableCell-body Book-tableCell-195"
            >
              439554934
            </td>
            <td
              aria-sort={null}
              className="MuiTableCell-root MuiTableCell-body Book-tableCell-195"
            >
              9780439554930
            </td>
            <td
              aria-sort={null}
              className="MuiTableCell-root MuiTableCell-body Book-tableCell-195"
            >
              J.K. Rowling, Mary GrandPré
            </td>
            <td
              aria-sort={null}
              className="MuiTableCell-root MuiTableCell-body Book-tableCell-195"
            >
              Harry Potter and the Philosopher's Stone
            </td>
            <td
              aria-sort={null}
              className="MuiTableCell-root MuiTableCell-body Book-tableCell-195"
            >
              1997
            </td>
            <td
              aria-sort={null}
              className="MuiTableCell-root MuiTableCell-body Book-tableCell-195"
            >
              4.44
            </td>
            <td
              aria-sort={null}
              className="MuiTableCell-root MuiTableCell-body Book-tableCell-195"
            >
              eng
            </td>
            <td
              aria-sort={null}
              className="MuiTableCell-root MuiTableCell-body"
            >
              <img
                alt="Harry Potter and the Philosopher's Stone"
                src="https://images.gr-assets.com/books/1474154022s/3.jpg"
              />
            </td>
          </tr>
          <tr
            className="MuiTableRow-root"
          >
            <td
              aria-sort={null}
              className="MuiTableCell-root MuiTableCell-body"
            >
              <a
                href="/edit"
                onClick={[Function]}
              >
                <button
                  aria-label="edit"
                  className="MuiButtonBase-root MuiFab-root MuiFab-secondary"
                  disabled={false}
                  onBlur={[Function]}
                  onDragLeave={[Function]}
                  onFocus={[Function]}
                  onKeyDown={[Function]}
                  onKeyUp={[Function]}
                  onMouseDown={[Function]}
                  onMouseLeave={[Function]}
                  onMouseUp={[Function]}
                  onTouchEnd={[Function]}
                  onTouchMove={[Function]}
                  onTouchStart={[Function]}
                  tabIndex={0}
                  type="button"
                >
                  <span
                    className="MuiFab-label"
                  >
                    <svg
                      aria-hidden="true"
                      className="MuiSvgIcon-root"
                      focusable="false"
                      role="presentation"
                      viewBox="0 0 24 24"
                    >
                      <path
                        d="M3 17.25V21h3.75L17.81 9.94l-3.75-3.75L3 17.25zM20.71 7.04c.39-.39.39-1.02 0-1.41l-2.34-2.34a.9959.9959 0 00-1.41 0l-1.83 1.83 3.75 3.75 1.83-1.83z"
                      />
                    </svg>
                  </span>
                  <span
                    className="MuiTouchRipple-root"
                  />
                </button>
              </a>
            </td>
            <td
              aria-sort={null}
              className="MuiTableCell-root MuiTableCell-body"
            >
              <button
                aria-label="delete"
                className="MuiButtonBase-root MuiFab-root"
                disabled={false}
                onBlur={[Function]}
                onClick={[Function]}
                onDragLeave={[Function]}
                onFocus={[Function]}
                onKeyDown={[Function]}
                onKeyUp={[Function]}
                onMouseDown={[Function]}
                onMouseLeave={[Function]}
                onMouseUp={[Function]}
                onTouchEnd={[Function]}
                onTouchMove={[Function]}
                onTouchStart={[Function]}
                tabIndex={0}
                type="button"
              >
                <span
                  className="MuiFab-label"
                >
                  <svg
                    aria-hidden="true"
                    className="MuiSvgIcon-root"
                    focusable="false"
                    role="presentation"
                    viewBox="0 0 24 24"
                  >
                    <path
                      d="M6 19c0 1.1.9 2 2 2h8c1.1 0 2-.9 2-2V7H6v12zM19 4h-3.5l-1-1h-5l-1 1H5v2h14V4z"
                    />
                  </svg>
                </span>
                <span
                  className="MuiTouchRipple-root"
                />
              </button>
            </td>
            <td
              aria-sort={null}
              className="MuiTableCell-root MuiTableCell-body Book-tableCell-195"
            >
              743273567
            </td>
            <td
              aria-sort={null}
              className="MuiTableCell-root MuiTableCell-body Book-tableCell-195"
            >
              9780743273560
            </td>
            <td
              aria-sort={null}
              className="MuiTableCell-root MuiTableCell-body Book-tableCell-195"
            >
              F. Scott Fitzgerald
            </td>
            <td
              aria-sort={null}
              className="MuiTableCell-root MuiTableCell-body Book-tableCell-195"
            >
              The Great Gatsby
            </td>
            <td
              aria-sort={null}
              className="MuiTableCell-root MuiTableCell-body Book-tableCell-195"
            >
              1925
            </td>
            <td
              aria-sort={null}
              className="MuiTableCell-root MuiTableCell-body Book-tableCell-195"
            >
              3.89
            </td>
            <td
              aria-sort={null}
              className="MuiTableCell-root MuiTableCell-body Book-tableCell-195"
            >
              eng
            </td>
            <td
              aria-sort={null}
              className="MuiTableCell-root MuiTableCell-body"
            >
              <img
                alt="The Great Gatsby"
                src="https://images.gr-assets.com/books/1490528560s/4671.jpg"
              />
            </td>
          </tr>
          <tr
            className="MuiTableRow-root"
          >
            <td
              aria-sort={null}
              className="MuiTableCell-root MuiTableCell-body"
            >
              <a
                href="/edit"
                onClick={[Function]}
              >
                <button
                  aria-label="edit"
                  className="MuiButtonBase-root MuiFab-root MuiFab-secondary"
                  disabled={false}
                  onBlur={[Function]}
                  onDragLeave={[Function]}
                  onFocus={[Function]}
                  onKeyDown={[Function]}
                  onKeyUp={[Function]}
                  onMouseDown={[Function]}
                  onMouseLeave={[Function]}
                  onMouseUp={[Function]}
                  onTouchEnd={[Function]}
                  onTouchMove={[Function]}
                  onTouchStart={[Function]}
                  tabIndex={0}
                  type="button"
                >
                  <span
                    className="MuiFab-label"
                  >
                    <svg
                      aria-hidden="true"
                      className="MuiSvgIcon-root"
                      focusable="false"
                      role="presentation"
                      viewBox="0 0 24 24"
                    >
                      <path
                        d="M3 17.25V21h3.75L17.81 9.94l-3.75-3.75L3 17.25zM20.71 7.04c.39-.39.39-1.02 0-1.41l-2.34-2.34a.9959.9959 0 00-1.41 0l-1.83 1.83 3.75 3.75 1.83-1.83z"
                      />
                    </svg>
                  </span>
                  <span
                    className="MuiTouchRipple-root"
                  />
                </button>
              </a>
            </td>
            <td
              aria-sort={null}
              className="MuiTableCell-root MuiTableCell-body"
            >
              <button
                aria-label="delete"
                className="MuiButtonBase-root MuiFab-root"
                disabled={false}
                onBlur={[Function]}
                onClick={[Function]}
                onDragLeave={[Function]}
                onFocus={[Function]}
                onKeyDown={[Function]}
                onKeyUp={[Function]}
                onMouseDown={[Function]}
                onMouseLeave={[Function]}
                onMouseUp={[Function]}
                onTouchEnd={[Function]}
                onTouchMove={[Function]}
                onTouchStart={[Function]}
                tabIndex={0}
                type="button"
              >
                <span
                  className="MuiFab-label"
                >
                  <svg
                    aria-hidden="true"
                    className="MuiSvgIcon-root"
                    focusable="false"
                    role="presentation"
                    viewBox="0 0 24 24"
                  >
                    <path
                      d="M6 19c0 1.1.9 2 2 2h8c1.1 0 2-.9 2-2V7H6v12zM19 4h-3.5l-1-1h-5l-1 1H5v2h14V4z"
                    />
                  </svg>
                </span>
                <span
                  className="MuiTouchRipple-root"
                />
              </button>
            </td>
            <td
              aria-sort={null}
              className="MuiTableCell-root MuiTableCell-body Book-tableCell-195"
            >
              439023483
            </td>
            <td
              aria-sort={null}
              className="MuiTableCell-root MuiTableCell-body Book-tableCell-195"
            >
              9780439023480
            </td>
            <td
              aria-sort={null}
              className="MuiTableCell-root MuiTableCell-body Book-tableCell-195"
            >
              Suzanne Collins
            </td>
            <td
              aria-sort={null}
              className="MuiTableCell-root MuiTableCell-body Book-tableCell-195"
            >
              The Hunger Games
            </td>
            <td
              aria-sort={null}
              className="MuiTableCell-root MuiTableCell-body Book-tableCell-195"
            >
              2008
            </td>
            <td
              aria-sort={null}
              className="MuiTableCell-root MuiTableCell-body Book-tableCell-195"
            >
              4.34
            </td>
            <td
              aria-sort={null}
              className="MuiTableCell-root MuiTableCell-body Book-tableCell-195"
            >
              eng
            </td>
            <td
              aria-sort={null}
              className="MuiTableCell-root MuiTableCell-body"
            >
              <img
                alt="The Hunger Games"
                src="https://images.gr-assets.com/books/1447303603s/2767052.jpg"
              />
            </td>
          </tr>
          <tr
            className="MuiTableRow-root"
          >
            <td
              aria-sort={null}
              className="MuiTableCell-root MuiTableCell-body"
            >
              <a
                href="/edit"
                onClick={[Function]}
              >
                <button
                  aria-label="edit"
                  className="MuiButtonBase-root MuiFab-root MuiFab-secondary"
                  disabled={false}
                  onBlur={[Function]}
                  onDragLeave={[Function]}
                  onFocus={[Function]}
                  onKeyDown={[Function]}
                  onKeyUp={[Function]}
                  onMouseDown={[Function]}
                  onMouseLeave={[Function]}
                  onMouseUp={[Function]}
                  onTouchEnd={[Function]}
                  onTouchMove={[Function]}
                  onTouchStart={[Function]}
                  tabIndex={0}
                  type="button"
                >
                  <span
                    className="MuiFab-label"
                  >
                    <svg
                      aria-hidden="true"
                      className="MuiSvgIcon-root"
                      focusable="false"
                      role="presentation"
                      viewBox="0 0 24 24"
                    >
                      <path
                        d="M3 17.25V21h3.75L17.81 9.94l-3.75-3.75L3 17.25zM20.71 7.04c.39-.39.39-1.02 0-1.41l-2.34-2.34a.9959.9959 0 00-1.41 0l-1.83 1.83 3.75 3.75 1.83-1.83z"
                      />
                    </svg>
                  </span>
                  <span
                    className="MuiTouchRipple-root"
                  />
                </button>
              </a>
            </td>
            <td
              aria-sort={null}
              className="MuiTableCell-root MuiTableCell-body"
            >
              <button
                aria-label="delete"
                className="MuiButtonBase-root MuiFab-root"
                disabled={false}
                onBlur={[Function]}
                onClick={[Function]}
                onDragLeave={[Function]}
                onFocus={[Function]}
                onKeyDown={[Function]}
                onKeyUp={[Function]}
                onMouseDown={[Function]}
                onMouseLeave={[Function]}
                onMouseUp={[Function]}
                onTouchEnd={[Function]}
                onTouchMove={[Function]}
                onTouchStart={[Function]}
                tabIndex={0}
                type="button"
              >
                <span
                  className="MuiFab-label"
                >
                  <svg
                    aria-hidden="true"
                    className="MuiSvgIcon-root"
                    focusable="false"
                    role="presentation"
                    viewBox="0 0 24 24"
                  >
                    <path
                      d="M6 19c0 1.1.9 2 2 2h8c1.1 0 2-.9 2-2V7H6v12zM19 4h-3.5l-1-1h-5l-1 1H5v2h14V4z"
                    />
                  </svg>
                </span>
                <span
                  className="MuiTouchRipple-root"
                />
              </button>
            </td>
            <td
              aria-sort={null}
              className="MuiTableCell-root MuiTableCell-body Book-tableCell-195"
            >
              61120081
            </td>
            <td
              aria-sort={null}
              className="MuiTableCell-root MuiTableCell-body Book-tableCell-195"
            >
              9780061120080
            </td>
            <td
              aria-sort={null}
              className="MuiTableCell-root MuiTableCell-body Book-tableCell-195"
            >
              Harper Lee
            </td>
            <td
              aria-sort={null}
              className="MuiTableCell-root MuiTableCell-body Book-tableCell-195"
            >
              To Kill a Mockingbird
            </td>
            <td
              aria-sort={null}
              className="MuiTableCell-root MuiTableCell-body Book-tableCell-195"
            >
              1960
            </td>
            <td
              aria-sort={null}
              className="MuiTableCell-root MuiTableCell-body Book-tableCell-195"
            >
              4.25
            </td>
            <td
              aria-sort={null}
              className="MuiTableCell-root MuiTableCell-body Book-tableCell-195"
            >
              eng
            </td>
            <td
              aria-sort={null}
              className="MuiTableCell-root MuiTableCell-body"
            >
              <img
                alt="To Kill a Mockingbird"
                src="https://images.gr-assets.com/books/1361975680s/2657.jpg"
              />
            </td>
          </tr>
          <tr
            className="MuiTableRow-root"
          >
            <td
              aria-sort={null}
              className="MuiTableCell-root MuiTableCell-body"
            >
              <a
                href="/edit"
                onClick={[Function]}
              >
                <button
                  aria-label="edit"
                  className="MuiButtonBase-root MuiFab-root MuiFab-secondary"
                  disabled={false}
                  onBlur={[Function]}
                  onDragLeave={[Function]}
                  onFocus={[Function]}
                  onKeyDown={[Function]}
                  onKeyUp={[Function]}
                  onMouseDown={[Function]}
                  onMouseLeave={[Function]}
                  onMouseUp={[Function]}
                  onTouchEnd={[Function]}
                  onTouchMove={[Function]}
                  onTouchStart={[Function]}
                  tabIndex={0}
                  type="button"
                >
                  <span
                    className="MuiFab-label"
                  >
                    <svg
                      aria-hidden="true"
                      className="MuiSvgIcon-root"
                      focusable="false"
                      role="presentation"
                      viewBox="0 0 24 24"
                    >
                      <path
                        d="M3 17.25V21h3.75L17.81 9.94l-3.75-3.75L3 17.25zM20.71 7.04c.39-.39.39-1.02 0-1.41l-2.34-2.34a.9959.9959 0 00-1.41 0l-1.83 1.83 3.75 3.75 1.83-1.83z"
                      />
                    </svg>
                  </span>
                  <span
                    className="MuiTouchRipple-root"
                  />
                </button>
              </a>
            </td>
            <td
              aria-sort={null}
              className="MuiTableCell-root MuiTableCell-body"
            >
              <button
                aria-label="delete"
                className="MuiButtonBase-root MuiFab-root"
                disabled={false}
                onBlur={[Function]}
                onClick={[Function]}
                onDragLeave={[Function]}
                onFocus={[Function]}
                onKeyDown={[Function]}
                onKeyUp={[Function]}
                onMouseDown={[Function]}
                onMouseLeave={[Function]}
                onMouseUp={[Function]}
                onTouchEnd={[Function]}
                onTouchMove={[Function]}
                onTouchStart={[Function]}
                tabIndex={0}
                type="button"
              >
                <span
                  className="MuiFab-label"
                >
                  <svg
                    aria-hidden="true"
                    className="MuiSvgIcon-root"
                    focusable="false"
                    role="presentation"
                    viewBox="0 0 24 24"
                  >
                    <path
                      d="M6 19c0 1.1.9 2 2 2h8c1.1 0 2-.9 2-2V7H6v12zM19 4h-3.5l-1-1h-5l-1 1H5v2h14V4z"
                    />
                  </svg>
                </span>
                <span
                  className="MuiTouchRipple-root"
                />
              </button>
            </td>
            <td
              aria-sort={null}
              className="MuiTableCell-root MuiTableCell-body Book-tableCell-195"
            >
              316015849
            </td>
            <td
              aria-sort={null}
              className="MuiTableCell-root MuiTableCell-body Book-tableCell-195"
            >
              9780316015840
            </td>
            <td
              aria-sort={null}
              className="MuiTableCell-root MuiTableCell-body Book-tableCell-195"
            >
              Stephenie Meyer
            </td>
            <td
              aria-sort={null}
              className="MuiTableCell-root MuiTableCell-body Book-tableCell-195"
            >
              Twilight
            </td>
            <td
              aria-sort={null}
              className="MuiTableCell-root MuiTableCell-body Book-tableCell-195"
            >
              2005
            </td>
            <td
              aria-sort={null}
              className="MuiTableCell-root MuiTableCell-body Book-tableCell-195"
            >
              3.57
            </td>
            <td
              aria-sort={null}
              className="MuiTableCell-root MuiTableCell-body Book-tableCell-195"
            >
              en-US
            </td>
            <td
              aria-sort={null}
              className="MuiTableCell-root MuiTableCell-body"
            >
              <img
                alt="Twilight"
                src="https://images.gr-assets.com/books/1361039443s/41865.jpg"
              />
            </td>
          </tr>
        </tbody>
      </table>
    </div>
    <div
      className="MuiTablePagination-root"
    >
      <div
        className="MuiToolbar-root MuiToolbar-regular MuiTablePagination-toolbar MuiToolbar-gutters"
      >
        <div
          className="MuiTablePagination-spacer"
        />
        <p
          className="MuiTypography-root MuiTablePagination-caption MuiTypography-body2 MuiTypography-colorInherit"
        >
          Rows per page:
        </p>
        <div
          className="MuiInputBase-root MuiTablePagination-input MuiTablePagination-selectRoot"
          onClick={[Function]}
        >
          <div
            aria-haspopup="listbox"
            aria-labelledby=" "
            className="MuiSelect-root MuiSelect-select MuiTablePagination-select MuiSelect-selectMenu MuiInputBase-input MuiInputBase-inputSelect"
            onBlur={[Function]}
            onClick={[Function]}
            onFocus={[Function]}
            onKeyDown={[Function]}
            role="button"
            tabIndex={0}
          >
            10
          </div>
          <input
            onAnimationStart={[Function]}
            type="hidden"
            value={10}
          />
          <svg
            aria-hidden="true"
            className="MuiSvgIcon-root MuiSelect-icon MuiTablePagination-selectIcon"
            focusable="false"
            role="presentation"
            viewBox="0 0 24 24"
          >
            <path
              d="M7 10l5 5 5-5z"
            />
          </svg>
        </div>
        <p
          className="MuiTypography-root MuiTablePagination-caption MuiTypography-body2 MuiTypography-colorInherit"
        >
          1-5 of 5
        </p>
        <div
          className="MuiTablePagination-actions"
        >
          <button
            aria-label="Previous Page"
            className="MuiButtonBase-root MuiIconButton-root MuiIconButton-colorInherit Mui-disabled Mui-disabled"
            disabled={true}
            onBlur={[Function]}
            onClick={[Function]}
            onDragLeave={[Function]}
            onFocus={[Function]}
            onKeyDown={[Function]}
            onKeyUp={[Function]}
            onMouseDown={[Function]}
            onMouseLeave={[Function]}
            onMouseUp={[Function]}
            onTouchEnd={[Function]}
            onTouchMove={[Function]}
            onTouchStart={[Function]}
            tabIndex={-1}
            type="button"
          >
            <span
              className="MuiIconButton-label"
            >
              <svg
                aria-hidden="true"
                className="MuiSvgIcon-root"
                focusable="false"
                role="presentation"
                viewBox="0 0 24 24"
              >
                <path
                  d="M15.41 16.09l-4.58-4.59 4.58-4.59L14 5.5l-6 6 6 6z"
                />
              </svg>
            </span>
          </button>
          <button
            aria-label="Next Page"
            className="MuiButtonBase-root MuiIconButton-root MuiIconButton-colorInherit Mui-disabled Mui-disabled"
            disabled={true}
            onBlur={[Function]}
            onClick={[Function]}
            onDragLeave={[Function]}
            onFocus={[Function]}
            onKeyDown={[Function]}
            onKeyUp={[Function]}
            onMouseDown={[Function]}
            onMouseLeave={[Function]}
            onMouseUp={[Function]}
            onTouchEnd={[Function]}
            onTouchMove={[Function]}
            onTouchStart={[Function]}
            tabIndex={-1}
            type="button"
          >
            <span
              className="MuiIconButton-label"
            >
              <svg
                aria-hidden="true"
                className="MuiSvgIcon-root"
                focusable="false"
                role="presentation"
                viewBox="0 0 24 24"
              >
                <path
                  d="M8.59 16.34l4.58-4.59-4.58-4.59L10 5.75l6 6-6 6z"
                />
              </svg>
            </span>
          </button>
        </div>
      </div>
    </div>
  </div>
</div>
`;
